solved 1 seed 1 moves 100
solved 2 seed 2 moves 88
solved 3 seed 3 moves 114
solved 4 seed 4 moves 81
solved 5 seed 5 moves 101
solved 6 seed 6 moves 119
solved 7 seed 7 moves 117
solved 8 seed 8 moves 99
solved 9 seed 9 moves 87
solved 10 seed 10 moves 110
solved 11 seed 11 moves 74
solved 12 seed 12 moves 124
solved 13 seed 13 moves 127
solved 14 seed 14 moves 115
solved 15 seed 15 moves 95
solved 16 seed 16 moves 105
solved 17 seed 17 moves 93
solved 18 seed 18 moves 91
solved 19 seed 19 moves 97
solved 20 seed 20 moves 115
solved 21 seed 21 moves 90
solved 22 seed 22 moves 91
solved 23 seed 23 moves 76
solved 24 seed 24 moves 105
solved 25 seed 25 moves 110
solved 26 seed 26 moves 113
solved 27 seed 27 moves 74
solved 28 seed 28 moves 78
solved 29 seed 29 moves 107
solved 30 seed 30 moves 116
solved 31 seed 31 moves 79
solved 32 seed 32 moves 98
solved 33 seed 33 moves 83
solved 34 seed 34 moves 107
solved 35 seed 35 moves 91
solved 36 seed 36 moves 103
solved 37 seed 37 moves 94
solved 38 seed 38 moves 115
solved 39 seed 39 moves 95
solved 40 seed 40 moves 105
solved 41 seed 41 moves 108
solved 42 seed 42 moves 102
solved 43 seed 43 moves 94
solved 44 seed 44 moves 83
solved 45 seed 45 moves 99
solved 46 seed 46 moves 89
solved 47 seed 47 moves 115
solved 48 seed 48 moves 84
solved 49 seed 49 moves 91
solved 50 seed 50 moves 118
