found 4 4 1 tries 1 nodes 95
found 4 4 2 tries 2 nodes 135
found 4 4 3 tries 5 nodes 74
found 4 4 4 tries 6 nodes 27
found 4 4 5 tries 7 nodes 79
found 4 4 6 tries 9 nodes 41
found 4 4 7 tries 10 nodes 45
found 4 4 8 tries 11 nodes 25
found 5 6 1 tries 1 nodes 60
found 5 6 2 tries 4 nodes 233
found 5 6 3 tries 5 nodes 173
found 5 6 4 tries 7 nodes 109
found 5 6 5 tries 8 nodes 150
found 5 6 6 tries 9 nodes 39
found 5 6 7 tries 11 nodes 137
found 5 6 8 tries 13 nodes 172
found 5 6 9 tries 18 nodes 81
found 5 6 10 tries 21 nodes 69
found 6 8 1 tries 6 nodes 302
found 6 8 2 tries 14 nodes 680
found 6 8 3 tries 16 nodes 519
found 6 8 4 tries 30 nodes 77
found 6 8 5 tries 34 nodes 432
found 6 8 6 tries 37 nodes 372
found 6 8 7 tries 41 nodes 431
found 6 8 8 tries 49 nodes 720
found 6 8 9 tries 52 nodes 360
found 6 8 10 tries 54 nodes 791
found 6 8 11 tries 57 nodes 1419
found 6 8 12 tries 59 nodes 488
found 6 7 1 tries 3 nodes 1367
found 6 7 2 tries 11 nodes 740
found 6 7 3 tries 25 nodes 437
found 6 7 4 tries 30 nodes 299
found 6 7 5 tries 31 nodes 2710
found 6 7 6 tries 34 nodes 256
found 6 7 7 tries 43 nodes 353
found 6 7 8 tries 48 nodes 610
found 6 7 9 tries 52 nodes 239
found 6 7 10 tries 53 nodes 2835
found 7 8 1 tries 62 nodes 5970
found 7 8 2 tries 89 nodes 37036
found 7 8 3 tries 173 nodes 3253
found 7 8 4 tries 335 nodes 18057
found 7 8 5 tries 420 nodes 8601
found 7 8 6 tries 421 nodes 31908
found 7 8 7 tries 462 nodes 24993
found 7 8 8 tries 472 nodes 5191
found 7 8 9 tries 486 nodes 4716
found 7 8 10 tries 619 nodes 4414
