4 1 clues 4
4 2 clues 4
4 3 clues 4
4 4 clues 4
4 5 clues 4
6 1 clues 10
6 2 clues 9
6 3 clues 9
6 4 clues 9
6 5 clues 9
6 6 clues 10
6 7 clues 10
6 8 clues 9
6 9 clues 9
6 10 clues 8
6 11 clues 7
6 12 clues 8
6 13 clues 9
6 14 clues 7
6 15 clues 8
6 16 clues 9
6 17 clues 9
6 18 clues 8
6 19 clues 9
6 20 clues 9
8 1 clues 16
8 2 clues 16
8 3 clues 14
8 4 clues 19
8 5 clues 15
8 6 clues 16
8 7 clues 16
8 8 clues 15
8 9 clues 13
8 10 clues 16
8 11 clues 14
8 12 clues 15
8 13 clues 17
8 14 clues 17
8 15 clues 16
8 16 clues 15
8 17 clues 15
8 18 clues 16
8 19 clues 16
8 20 clues 16
8 21 clues 16
8 22 clues 12
8 23 clues 12
8 24 clues 16
8 25 clues 15
