base 5 1 14
found 5 1 1 tries 36
found 5 1 2 tries 75
found 5 1 3 tries 85
found 5 1 4 tries 93
found 5 1 5 tries 94
found 5 1 6 tries 110
found 5 1 7 tries 121
found 5 1 8 tries 147
base 6 1 90
found 6 1 1 tries 11
found 6 1 2 tries 20
found 6 1 3 tries 82
found 6 1 4 tries 167
found 6 1 5 tries 239
found 6 1 6 tries 337
found 6 1 7 tries 776
found 6 1 8 tries 797
found 6 1 9 tries 845
found 6 1 10 tries 931
base 7 1 646
found 7 1 1 tries 753
found 7 1 2 tries 902
found 7 1 3 tries 2982
found 7 1 4 tries 3921
found 7 1 5 tries 4485
found 7 1 6 tries 5047
found 7 1 7 tries 5382
found 7 1 8 tries 6515
found 7 1 9 tries 7516
found 7 1 10 tries 9688
found 7 1 11 tries 10122
found 7 1 12 tries 10201
base 8 1 5242
found 8 1 1 tries 14130
found 8 1 2 tries 14685
found 8 1 3 tries 36951
found 8 1 4 tries 52334
found 8 1 5 tries 59076
found 8 1 6 tries 119513
found 8 1 7 tries 135960
found 8 1 8 tries 139857
found 8 1 9 tries 162516
found 8 1 10 tries 181148
base 8 2 2
found 8 2 1 tries 27
found 8 2 2 tries 123
found 8 2 3 tries 132
found 8 2 4 tries 134
found 8 2 5 tries 169
base 9 2 664
found 9 2 1 tries 945
found 9 2 2 tries 3955
found 9 2 3 tries 6058
found 9 2 4 tries 6061
found 9 2 5 tries 6819
