1 1 10
2 1 17
3 1 16
4 1 7
5 1 15
6 1 8
7 1 8
8 1 9
9 1 11
10 1 18
11 1 9
12 1 15
13 1 9
14 1 10
15 1 27
16 1 11
17 1 14
18 1 11
19 1 17
20 1 13
21 1 12
22 1 10
23 1 15
24 1 15
25 1 19
26 1 14
27 1 44
28 1 10
29 1 24
30 1 9
31 1 29
32 1 18
33 1 19
34 1 16
35 1 18
36 1 14
37 1 19
38 1 12
39 1 20
40 1 17
41 1 121
42 1 42
43 1 50
44 1 23
45 1 24
46 1 105
47 1 154
48 1 14
49 1 25
50 1 246
{"game": "star-battle", "levels": 50, "unique": true, "symmetryDistinct": 50, "oneStarLevels": 40, "twoStarLevels": 10, "solver": "independent region-subset exact cover with row, column and king-distance constraints", "seconds": 0.099}
