1 4 8 8 clueless 0
2 4 6 8 clueless 1
3 4 7 10 clueless 1
4 4 8 28 clueless 1
5 4 7 15 clueless 0
6 4 8 21 clueless 3
7 4 6 11 clueless 0
8 4 7 8 clueless 0
9 4 7 9 clueless 2
10 4 7 27 clueless 2
11 4 7 8 clueless 0
12 4 8 15 clueless 1
13 5 10 20 clueless 1
14 5 13 30 clueless 3
15 5 11 25 clueless 1
16 5 13 39 clueless 2
17 5 11 19 clueless 0
18 5 12 9 clueless 0
19 5 11 58 clueless 2
20 5 10 74 clueless 1
21 5 11 18 clueless 0
22 5 10 40 clueless 3
23 5 12 15 clueless 0
24 5 12 23 clueless 1
25 5 11 22 clueless 2
26 5 12 43 clueless 2
27 5 10 27 clueless 3
28 5 10 45 clueless 2
29 5 13 29 clueless 2
30 5 15 25 clueless 1
31 5 11 27 clueless 1
32 5 11 20 clueless 1
33 6 19 74 clueless 3
34 6 14 120 clueless 1
35 6 16 22 clueless 1
36 6 18 61 clueless 1
37 6 18 76 clueless 0
38 6 16 18 clueless 0
39 6 21 33 clueless 5
40 6 17 23 clueless 2
41 6 16 101 clueless 1
42 6 15 105 clueless 2
43 6 16 18 clueless 1
44 6 18 21 clueless 1
45 6 15 102 clueless 0
46 6 16 127 clueless 2
47 6 16 40 clueless 2
48 6 17 19 clueless 0
49 6 18 26 clueless 1
50 6 19 192 clueless 2
seconds 1.3980414867401123
