Akari 1 5 bulbs 6 nodes 1 attempts 1
Akari 2 5 bulbs 5 nodes 5 attempts 2
Akari 3 5 bulbs 7 nodes 1 attempts 4
Akari 4 5 bulbs 5 nodes 3 attempts 8
Akari 5 5 bulbs 6 nodes 3 attempts 9
Akari 6 5 bulbs 6 nodes 3 attempts 10
Akari 7 5 bulbs 6 nodes 9 attempts 11
Akari 8 5 bulbs 4 nodes 1 attempts 12
Akari 9 5 bulbs 6 nodes 1 attempts 14
Akari 10 5 bulbs 4 nodes 1 attempts 15
Akari 11 6 bulbs 7 nodes 1 attempts 16
Akari 12 6 bulbs 9 nodes 15 attempts 18
Akari 13 6 bulbs 8 nodes 1 attempts 19
Akari 14 6 bulbs 9 nodes 7 attempts 20
Akari 15 6 bulbs 8 nodes 1 attempts 21
Akari 16 6 bulbs 8 nodes 1 attempts 24
Akari 17 6 bulbs 8 nodes 17 attempts 27
Akari 18 6 bulbs 8 nodes 3 attempts 28
Akari 19 6 bulbs 9 nodes 9 attempts 30
Akari 20 6 bulbs 6 nodes 57 attempts 32
Akari 21 7 bulbs 8 nodes 1 attempts 34
Akari 22 7 bulbs 11 nodes 21 attempts 35
Akari 23 7 bulbs 10 nodes 7 attempts 36
Akari 24 7 bulbs 10 nodes 3 attempts 37
Akari 25 7 bulbs 8 nodes 1 attempts 38
Akari 26 7 bulbs 9 nodes 1 attempts 41
Akari 27 7 bulbs 11 nodes 7 attempts 42
Akari 28 7 bulbs 10 nodes 5 attempts 45
Akari 29 7 bulbs 10 nodes 11 attempts 51
Akari 30 7 bulbs 10 nodes 1 attempts 53
Akari 31 7 bulbs 9 nodes 47 attempts 54
Akari 32 7 bulbs 8 nodes 23 attempts 55
Akari 33 7 bulbs 12 nodes 5 attempts 59
Akari 34 7 bulbs 9 nodes 3 attempts 60
Akari 35 7 bulbs 12 nodes 1 attempts 62
Akari 36 8 bulbs 14 nodes 13 attempts 63
Akari 37 8 bulbs 13 nodes 1 attempts 65
Akari 38 8 bulbs 12 nodes 29 attempts 66
Akari 39 8 bulbs 12 nodes 3 attempts 67
Akari 40 8 bulbs 11 nodes 1 attempts 68
Akari 41 8 bulbs 13 nodes 3 attempts 69
Akari 42 8 bulbs 17 nodes 5 attempts 70
Akari 43 8 bulbs 13 nodes 5 attempts 73
Akari 44 8 bulbs 16 nodes 25 attempts 74
Akari 45 8 bulbs 15 nodes 5 attempts 75
Akari 46 8 bulbs 12 nodes 15 attempts 78
Akari 47 8 bulbs 16 nodes 1 attempts 79
Akari 48 8 bulbs 12 nodes 1 attempts 82
Akari 49 8 bulbs 13 nodes 15 attempts 88
Akari 50 8 bulbs 12 nodes 81 attempts 89
