Mastermind 1 3 4 2
Mastermind 2 3 4 2
Mastermind 3 3 4 2
Mastermind 4 3 4 2
Mastermind 5 3 4 2
Mastermind 6 3 4 2
Mastermind 7 3 4 2
Mastermind 8 3 4 2
Mastermind 9 3 4 2
Mastermind 10 3 4 2
Mastermind 11 4 5 2
Mastermind 12 4 5 2
Mastermind 13 4 5 2
Mastermind 14 4 5 2
Mastermind 15 4 5 2
Mastermind 16 4 5 2
Mastermind 17 4 5 2
Mastermind 18 4 5 2
Mastermind 19 4 5 2
Mastermind 20 4 5 2
Mastermind 21 4 5 2
Mastermind 22 4 5 2
Mastermind 23 4 5 2
Mastermind 24 4 5 2
Mastermind 25 4 5 2
Mastermind 26 4 5 2
Mastermind 27 4 5 2
Mastermind 28 4 5 2
Mastermind 29 4 5 2
Mastermind 30 4 5 2
Mastermind 31 4 6 2
Mastermind 32 4 6 2
Mastermind 33 4 6 2
Mastermind 34 4 6 2
Mastermind 35 4 6 2
Mastermind 36 4 6 2
Mastermind 37 4 6 2
Mastermind 38 4 6 2
Mastermind 39 4 6 2
Mastermind 40 4 6 2
Mastermind 41 5 6 2
Mastermind 42 5 6 2
Mastermind 43 5 6 3
Mastermind 44 5 6 3
Mastermind 45 5 6 3
Mastermind 46 5 6 2
Mastermind 47 5 6 2
Mastermind 48 5 6 3
Mastermind 49 5 6 3
Mastermind 50 5 6 3
