1 6 5 subset 0 attempts 9
2 6 5 subset 0 attempts 3
3 6 5 subset 0 attempts 3
4 6 6 subset 0 attempts 1
5 6 6 subset 0 attempts 1
6 6 6 subset 0 attempts 2
7 6 7 subset 0 attempts 2
8 6 7 subset 0 attempts 3
9 6 7 subset 0 attempts 16
10 6 8 subset 0 attempts 16
11 7 8 subset 2 attempts 2
12 7 8 subset 0 attempts 3
13 7 8 subset 1 attempts 2
14 7 9 subset 2 attempts 6
15 7 9 subset 0 attempts 3
16 7 9 subset 1 attempts 1
17 7 10 subset 2 attempts 1
18 7 10 subset 3 attempts 2
19 7 10 subset 3 attempts 4
20 7 11 subset 1 attempts 2
21 8 12 subset 0 attempts 1
22 8 12 subset 2 attempts 8
23 8 12 subset 0 attempts 1
24 8 13 subset 0 attempts 1
25 8 13 subset 5 attempts 4
26 8 13 subset 4 attempts 2
27 8 14 subset 3 attempts 8
28 8 14 subset 3 attempts 10
29 8 14 subset 0 attempts 5
30 8 15 subset 2 attempts 2
31 9 17 subset 2 attempts 3
32 9 17 subset 4 attempts 2
33 9 17 subset 6 attempts 31
34 9 18 subset 2 attempts 5
35 9 18 subset 5 attempts 4
36 9 18 subset 2 attempts 18
37 9 19 subset 14 attempts 9
38 9 19 subset 1 attempts 64
39 9 19 subset 4 attempts 31
40 9 20 subset 2 attempts 14
41 10 22 subset 1 attempts 31
42 10 22 subset 2 attempts 8
43 10 22 subset 2 attempts 9
44 10 23 subset 2 attempts 6
45 10 23 subset 2 attempts 4
46 10 23 subset 2 attempts 58
47 10 24 subset 14 attempts 90
48 10 24 subset 5 attempts 23
49 10 24 subset 2 attempts 86
50 10 25 subset 6 attempts 15
