1 4 3 79
2 4 2 171
3 4 3 28
4 4 2 43
5 4 3 28
6 4 3 64
7 4 3 88
8 4 2 74
9 4 2 659
10 4 3 355
11 4 2 104
12 4 2 185
13 5 4 1233
14 5 2 12155
15 5 3 4739
16 5 5 1575
17 5 4 4761
18 5 4 112
19 5 4 2059
20 5 4 3070
21 5 4 691
22 5 4 1446
23 5 5 384
24 5 3 2337
25 5 3 9598
26 5 3 1624
27 5 3 770
28 5 3 5581
29 5 4 729
30 5 4 644
31 5 3 3943
32 5 4 803
33 6 5 1953
34 6 6 21032
35 6 6 50104
36 6 7 23423
37 6 5 74507
38 6 6 44643
39 6 5 21857
40 6 6 34979
41 6 6 14435
42 6 5 58029
43 6 6 4724
44 6 7 1539
45 6 5 54512
46 6 5 15706
47 6 5 70861
48 6 5 65173
49 6 5 16556
50 6 6 72499
seconds 14.821554183959961
